stm32wbxx_ll_exti.h:461:22:LL_EXTI_DisableIT_0_31	16	static
stm32wbxx_ll_exti.h:530:22:LL_EXTI_DisableIT_32_63	16	static
stm32wbxx_ll_rcc.h:1347:22:LL_RCC_HSE_SetCapacitorTuning	16	static
stm32wbxx_ll_rcc.h:1667:22:LL_RCC_LSE_SetDriveCapability	16	static
stm32wbxx_ll_rcc.h:2895:22:LL_RCC_ForceBackupDomainReset	4	static
stm32wbxx_ll_rcc.h:2905:22:LL_RCC_ReleaseBackupDomainReset	4	static
stm32wbxx_ll_rcc.h:4051:26:LL_RCC_IsActiveFlag_PINRST	4	static
stm32wbxx_ll_rcc.h:4061:26:LL_RCC_IsActiveFlag_SFTRST	4	static
stm32wbxx_ll_bus.h:365:22:LL_AHB1_GRP1_EnableClock	24	static
stm32wbxx_ll_bus.h:540:22:LL_AHB2_GRP1_EnableClock	24	static
stm32wbxx_ll_bus.h:745:22:LL_AHB3_GRP1_EnableClock	24	static
stm32wbxx_ll_ipcc.h:313:22:LL_C1_IPCC_DisableTransmitChannel	16	static
stm32wbxx_ll_ipcc.h:382:22:LL_C1_IPCC_DisableReceiveChannel	16	static
stm32wbxx_ll_ipcc.h:451:22:LL_C2_IPCC_DisableTransmitChannel	16	static
stm32wbxx_ll_ipcc.h:520:22:LL_C2_IPCC_DisableReceiveChannel	16	static
stm32wbxx_ll_ipcc.h:575:22:LL_C1_IPCC_ClearFlag_CHx	16	static
stm32wbxx_ll_ipcc.h:646:22:LL_C2_IPCC_ClearFlag_CHx	16	static
main.c:98:5:main	160	static
main.c:374:6:SystemClock_Config	144	static
main.c:433:13:MX_ADC1_Init	32	static
main.c:529:13:MX_IPCC_Init	8	static
main.c:555:13:MX_RF_Init	4	static
main.c:576:13:MX_RTC_Init	8	static
main.c:611:13:MX_TIM2_Init	40	static
main.c:656:13:MX_USART1_UART_Init	8	static
main.c:702:13:MX_DMA_Init	8	static
main.c:724:13:MX_GPIO_Init	32	static
main.c:760:6:PeriphClock_Config	4	static
main.c:813:13:Config_HSE	16	static
main.c:830:13:Reset_Device	8	static
main.c:841:13:Reset_IPCC	8	static
main.c:878:13:Reset_BackupDomain	8	static
main.c:897:13:Init_Exti	8	static
main.c:907:6:HAL_TIM_PeriodElapsedCallback	16	static
main.c:926:6:HAL_ADC_ConvCpltCallback	16	static
main.c:938:6:Error_Handler	4	static,ignoring_inline_asm
