stm32wbxx_ll_exti.h:461:22:LL_EXTI_DisableIT_0_31	16	static
stm32wbxx_ll_exti.h:530:22:LL_EXTI_DisableIT_32_63	16	static
stm32wbxx_ll_rcc.h:1347:22:LL_RCC_HSE_SetCapacitorTuning	16	static
stm32wbxx_ll_rcc.h:1667:22:LL_RCC_LSE_SetDriveCapability	16	static
stm32wbxx_ll_rcc.h:2895:22:LL_RCC_ForceBackupDomainReset	4	static
stm32wbxx_ll_rcc.h:2905:22:LL_RCC_ReleaseBackupDomainReset	4	static
stm32wbxx_ll_rcc.h:4051:26:LL_RCC_IsActiveFlag_PINRST	4	static
stm32wbxx_ll_rcc.h:4061:26:LL_RCC_IsActiveFlag_SFTRST	4	static
stm32wbxx_ll_bus.h:365:22:LL_AHB1_GRP1_EnableClock	24	static
stm32wbxx_ll_bus.h:540:22:LL_AHB2_GRP1_EnableClock	24	static
stm32wbxx_ll_bus.h:745:22:LL_AHB3_GRP1_EnableClock	24	static
stm32wbxx_ll_ipcc.h:313:22:LL_C1_IPCC_DisableTransmitChannel	16	static
stm32wbxx_ll_ipcc.h:382:22:LL_C1_IPCC_DisableReceiveChannel	16	static
stm32wbxx_ll_ipcc.h:451:22:LL_C2_IPCC_DisableTransmitChannel	16	static
stm32wbxx_ll_ipcc.h:520:22:LL_C2_IPCC_DisableReceiveChannel	16	static
stm32wbxx_ll_ipcc.h:575:22:LL_C1_IPCC_ClearFlag_CHx	16	static
stm32wbxx_ll_ipcc.h:646:22:LL_C2_IPCC_ClearFlag_CHx	16	static
main.c:98:5:main	184	static
main.c:480:6:SystemClock_Config	144	static
main.c:539:13:MX_ADC1_Init	32	static
main.c:635:13:MX_IPCC_Init	8	static
main.c:661:13:MX_RF_Init	4	static
main.c:682:13:MX_RTC_Init	8	static
main.c:717:13:MX_TIM2_Init	40	static
main.c:762:13:MX_USART1_UART_Init	8	static
main.c:808:13:MX_DMA_Init	8	static
main.c:830:13:MX_GPIO_Init	32	static
main.c:865:6:PeriphClock_Config	4	static
main.c:918:13:Config_HSE	16	static
main.c:935:13:Reset_Device	8	static
main.c:946:13:Reset_IPCC	8	static
main.c:983:13:Reset_BackupDomain	8	static
main.c:1002:13:Init_Exti	8	static
main.c:1012:6:HAL_TIM_PeriodElapsedCallback	16	static
main.c:1031:6:HAL_ADC_ConvCpltCallback	16	static
main.c:1043:6:Error_Handler	4	static,ignoring_inline_asm
