shci.c:41:9:SHCI_C2_FUS_GetState	40	static
shci.c:64:18:SHCI_C2_FUS_FwUpgrade	48	static
shci.c:100:18:SHCI_C2_FUS_FwDelete	32	static
shci.c:118:18:SHCI_C2_FUS_UpdateAuthKey	40	static
shci.c:136:18:SHCI_C2_FUS_LockAuthKey	32	static
shci.c:154:18:SHCI_C2_FUS_StoreUsrKey	40	static
shci.c:188:18:SHCI_C2_FUS_LoadUsrKey	40	static
shci.c:208:18:SHCI_C2_FUS_StartWs	32	static
shci.c:226:18:SHCI_C2_FUS_LockUsrKey	40	static
shci.c:246:18:SHCI_C2_FUS_UnloadUsrKey	40	static
shci.c:266:18:SHCI_C2_FUS_ActivateAntiRollback	32	static
shci.c:284:18:SHCI_C2_BLE_Init	40	static
shci.c:302:18:SHCI_C2_THREAD_Init	32	static
shci.c:320:18:SHCI_C2_LLDTESTS_Init	40	static
shci.c:338:18:SHCI_C2_BLE_LLD_Init	40	static
shci.c:356:18:SHCI_C2_ZIGBEE_Init	32	static
shci.c:374:18:SHCI_C2_DEBUG_Init	40	static
shci.c:392:18:SHCI_C2_FLASH_EraseActivity	40	static
shci.c:412:18:SHCI_C2_CONCURRENT_SetMode	40	static
shci.c:432:18:SHCI_C2_CONCURRENT_GetNextBleEvtTime	40	static
shci.c:452:18:SHCI_C2_CONCURRENT_EnableNext_802154_EvtNotification	32	static
shci.c:470:18:SHCI_C2_FLASH_StoreData	40	static
shci.c:490:18:SHCI_C2_FLASH_EraseData	40	static
shci.c:510:18:SHCI_C2_RADIO_AllowLowPower	40	static
shci.c:531:18:SHCI_C2_MAC_802_15_4_Init	32	static
shci.c:549:18:SHCI_C2_Reinit	32	static
shci.c:567:18:SHCI_C2_ExtpaConfig	40	static
shci.c:591:18:SHCI_C2_SetFlashActivityControl	40	static
shci.c:612:18:SHCI_C2_Config	40	static
shci.c:630:18:SHCI_C2_802_15_4_DeInit	32	static
shci.c:653:18:SHCI_GetWirelessFwInfo	48	static
