stm32wbxx_ll_rcc.h:2670:26:LL_RCC_GetUSARTClockSource	16	static
stm32wbxx_hal_uart.c:304:19:HAL_UART_Init	16	static
stm32wbxx_hal_uart.c:381:19:HAL_HalfDuplex_Init	16	static
stm32wbxx_hal_uart.c:454:19:HAL_LIN_Init	16	static
stm32wbxx_hal_uart.c:551:19:HAL_MultiProcessor_Init	24	static
stm32wbxx_hal_uart.c:625:19:HAL_UART_DeInit	16	static
stm32wbxx_hal_uart.c:675:13:HAL_UART_MspInit	16	static
stm32wbxx_hal_uart.c:690:13:HAL_UART_MspDeInit	16	static
stm32wbxx_hal_uart.c:1125:19:HAL_UART_Transmit	48	static
stm32wbxx_hal_uart.c:1214:19:HAL_UART_Receive	48	static
stm32wbxx_hal_uart.c:1300:19:HAL_UART_Transmit_IT	24	static
stm32wbxx_hal_uart.c:1374:19:HAL_UART_Receive_IT	24	static
stm32wbxx_hal_uart.c:1426:19:HAL_UART_Transmit_DMA	24	static
stm32wbxx_hal_uart.c:1502:19:HAL_UART_Receive_DMA	24	static
stm32wbxx_hal_uart.c:1549:19:HAL_UART_DMAPause	24	static
stm32wbxx_hal_uart.c:1583:19:HAL_UART_DMAResume	16	static
stm32wbxx_hal_uart.c:1615:19:HAL_UART_DMAStop	24	static
stm32wbxx_hal_uart.c:1690:19:HAL_UART_Abort	16	static
stm32wbxx_hal_uart.c:1791:19:HAL_UART_AbortTransmit	16	static
stm32wbxx_hal_uart.c:1849:19:HAL_UART_AbortReceive	16	static
stm32wbxx_hal_uart.c:1916:19:HAL_UART_Abort_IT	24	static
stm32wbxx_hal_uart.c:2068:19:HAL_UART_AbortTransmit_IT	16	static
stm32wbxx_hal_uart.c:2158:19:HAL_UART_AbortReceive_IT	16	static
stm32wbxx_hal_uart.c:2250:6:HAL_UART_IRQHandler	40	static
stm32wbxx_hal_uart.c:2569:13:HAL_UART_TxCpltCallback	16	static
stm32wbxx_hal_uart.c:2584:13:HAL_UART_TxHalfCpltCallback	16	static
stm32wbxx_hal_uart.c:2599:13:HAL_UART_RxCpltCallback	16	static
stm32wbxx_hal_uart.c:2614:13:HAL_UART_RxHalfCpltCallback	16	static
stm32wbxx_hal_uart.c:2629:13:HAL_UART_ErrorCallback	16	static
stm32wbxx_hal_uart.c:2644:13:HAL_UART_AbortCpltCallback	16	static
stm32wbxx_hal_uart.c:2659:13:HAL_UART_AbortTransmitCpltCallback	16	static
stm32wbxx_hal_uart.c:2674:13:HAL_UART_AbortReceiveCpltCallback	16	static
stm32wbxx_hal_uart.c:2691:13:HAL_UARTEx_RxEventCallback	16	static
stm32wbxx_hal_uart.c:2739:6:HAL_UART_ReceiverTimeout_Config	16	static
stm32wbxx_hal_uart.c:2759:19:HAL_UART_EnableReceiverTimeout	16	static
stm32wbxx_hal_uart.c:2821:19:HAL_UART_DisableReceiverTimeout	16	static
stm32wbxx_hal_uart.c:2883:19:HAL_MultiProcessor_EnableMuteMode	16	static
stm32wbxx_hal_uart.c:2903:19:HAL_MultiProcessor_DisableMuteMode	16	static
stm32wbxx_hal_uart.c:2923:6:HAL_MultiProcessor_EnterMuteMode	16	static
stm32wbxx_hal_uart.c:2933:19:HAL_HalfDuplex_EnableTransmitter	16	static
stm32wbxx_hal_uart.c:2956:19:HAL_HalfDuplex_EnableReceiver	16	static
stm32wbxx_hal_uart.c:2980:19:HAL_LIN_SendBreak	16	static
stm32wbxx_hal_uart.c:3025:23:HAL_UART_GetState	24	static
stm32wbxx_hal_uart.c:3041:10:HAL_UART_GetError	16	static
stm32wbxx_hal_uart.c:3087:19:UART_SetConfig	40	static
stm32wbxx_hal_uart.c:3313:6:UART_AdvFeatureConfig	16	static
stm32wbxx_hal_uart.c:3387:19:UART_CheckIdleState	32	static
stm32wbxx_hal_uart.c:3438:19:UART_WaitOnFlagUntilTimeout	24	static
stm32wbxx_hal_uart.c:3500:19:UART_Start_Receive_IT	24	static
stm32wbxx_hal_uart.c:3566:19:UART_Start_Receive_DMA	24	static
stm32wbxx_hal_uart.c:3623:13:UART_EndTxTransfer	16	static
stm32wbxx_hal_uart.c:3639:13:UART_EndRxTransfer	16	static
stm32wbxx_hal_uart.c:3665:13:UART_DMATransmitCplt	24	static
stm32wbxx_hal_uart.c:3699:13:UART_DMATxHalfCplt	24	static
stm32wbxx_hal_uart.c:3717:13:UART_DMAReceiveCplt	24	static
stm32wbxx_hal_uart.c:3774:13:UART_DMARxHalfCplt	24	static
stm32wbxx_hal_uart.c:3808:13:UART_DMAError	32	static
stm32wbxx_hal_uart.c:3848:13:UART_DMAAbortOnError	24	static
stm32wbxx_hal_uart.c:3871:13:UART_DMATxAbortCallback	24	static
stm32wbxx_hal_uart.c:3926:13:UART_DMARxAbortCallback	24	static
stm32wbxx_hal_uart.c:3978:13:UART_DMATxOnlyAbortCallback	24	static
stm32wbxx_hal_uart.c:4011:13:UART_DMARxOnlyAbortCallback	24	static
stm32wbxx_hal_uart.c:4044:13:UART_TxISR_8BIT	16	static
stm32wbxx_hal_uart.c:4073:13:UART_TxISR_16BIT	24	static
stm32wbxx_hal_uart.c:4105:13:UART_TxISR_8BIT_FIFOEN	24	static
stm32wbxx_hal_uart.c:4145:13:UART_TxISR_16BIT_FIFOEN	24	static
stm32wbxx_hal_uart.c:4186:13:UART_EndTransmit_IT	16	static
stm32wbxx_hal_uart.c:4211:13:UART_RxISR_8BIT	24	static
stm32wbxx_hal_uart.c:4281:13:UART_RxISR_16BIT	24	static
stm32wbxx_hal_uart.c:4353:13:UART_RxISR_8BIT_FIFOEN	40	static
stm32wbxx_hal_uart.c:4494:13:UART_RxISR_16BIT_FIFOEN	48	static
