stm32wbxx_hal_tim.c:277:19:HAL_TIM_Base_Init	16	static
stm32wbxx_hal_tim.c:336:19:HAL_TIM_Base_DeInit	16	static
stm32wbxx_hal_tim.c:379:13:HAL_TIM_Base_MspInit	16	static
stm32wbxx_hal_tim.c:394:13:HAL_TIM_Base_MspDeInit	16	static
stm32wbxx_hal_tim.c:410:19:HAL_TIM_Base_Start	24	static
stm32wbxx_hal_tim.c:449:19:HAL_TIM_Base_Stop	16	static
stm32wbxx_hal_tim.c:469:19:HAL_TIM_Base_Start_IT	24	static
stm32wbxx_hal_tim.c:511:19:HAL_TIM_Base_Stop_IT	16	static
stm32wbxx_hal_tim.c:536:19:HAL_TIM_Base_Start_DMA	32	static
stm32wbxx_hal_tim.c:604:19:HAL_TIM_Base_Stop_DMA	16	static
stm32wbxx_hal_tim.c:659:19:HAL_TIM_OC_Init	16	static
stm32wbxx_hal_tim.c:718:19:HAL_TIM_OC_DeInit	16	static
stm32wbxx_hal_tim.c:761:13:HAL_TIM_OC_MspInit	16	static
stm32wbxx_hal_tim.c:776:13:HAL_TIM_OC_MspDeInit	16	static
stm32wbxx_hal_tim.c:799:19:HAL_TIM_OC_Start	24	static
stm32wbxx_hal_tim.c:855:19:HAL_TIM_OC_Stop	16	static
stm32wbxx_hal_tim.c:890:19:HAL_TIM_OC_Start_IT	24	static
stm32wbxx_hal_tim.c:978:19:HAL_TIM_OC_Stop_IT	16	static
stm32wbxx_hal_tim.c:1049:19:HAL_TIM_OC_Start_DMA	32	static
stm32wbxx_hal_tim.c:1203:19:HAL_TIM_OC_Stop_DMA	16	static
stm32wbxx_hal_tim.c:1300:19:HAL_TIM_PWM_Init	16	static
stm32wbxx_hal_tim.c:1359:19:HAL_TIM_PWM_DeInit	16	static
stm32wbxx_hal_tim.c:1402:13:HAL_TIM_PWM_MspInit	16	static
stm32wbxx_hal_tim.c:1417:13:HAL_TIM_PWM_MspDeInit	16	static
stm32wbxx_hal_tim.c:1440:19:HAL_TIM_PWM_Start	24	static
stm32wbxx_hal_tim.c:1496:19:HAL_TIM_PWM_Stop	16	static
stm32wbxx_hal_tim.c:1531:19:HAL_TIM_PWM_Start_IT	24	static
stm32wbxx_hal_tim.c:1618:19:HAL_TIM_PWM_Stop_IT	16	static
stm32wbxx_hal_tim.c:1689:19:HAL_TIM_PWM_Start_DMA	32	static
stm32wbxx_hal_tim.c:1842:19:HAL_TIM_PWM_Stop_DMA	16	static
stm32wbxx_hal_tim.c:1939:19:HAL_TIM_IC_Init	16	static
stm32wbxx_hal_tim.c:1998:19:HAL_TIM_IC_DeInit	16	static
stm32wbxx_hal_tim.c:2041:13:HAL_TIM_IC_MspInit	16	static
stm32wbxx_hal_tim.c:2056:13:HAL_TIM_IC_MspDeInit	16	static
stm32wbxx_hal_tim.c:2077:19:HAL_TIM_IC_Start	24	static
stm32wbxx_hal_tim.c:2129:19:HAL_TIM_IC_Stop	16	static
stm32wbxx_hal_tim.c:2159:19:HAL_TIM_IC_Start_IT	24	static
stm32wbxx_hal_tim.c:2244:19:HAL_TIM_IC_Stop_IT	16	static
stm32wbxx_hal_tim.c:2310:19:HAL_TIM_IC_Start_DMA	32	static
stm32wbxx_hal_tim.c:2462:19:HAL_TIM_IC_Stop_DMA	16	static
stm32wbxx_hal_tim.c:2561:19:HAL_TIM_OnePulse_Init	16	static
stm32wbxx_hal_tim.c:2629:19:HAL_TIM_OnePulse_DeInit	16	static
stm32wbxx_hal_tim.c:2674:13:HAL_TIM_OnePulse_MspInit	16	static
stm32wbxx_hal_tim.c:2689:13:HAL_TIM_OnePulse_MspDeInit	16	static
stm32wbxx_hal_tim.c:2709:19:HAL_TIM_OnePulse_Start	24	static
stm32wbxx_hal_tim.c:2766:19:HAL_TIM_OnePulse_Stop	16	static
stm32wbxx_hal_tim.c:2809:19:HAL_TIM_OnePulse_Start_IT	24	static
stm32wbxx_hal_tim.c:2872:19:HAL_TIM_OnePulse_Stop_IT	16	static
stm32wbxx_hal_tim.c:2951:19:HAL_TIM_Encoder_Init	32	static
stm32wbxx_hal_tim.c:3065:19:HAL_TIM_Encoder_DeInit	16	static
stm32wbxx_hal_tim.c:3110:13:HAL_TIM_Encoder_MspInit	16	static
stm32wbxx_hal_tim.c:3125:13:HAL_TIM_Encoder_MspDeInit	16	static
stm32wbxx_hal_tim.c:3145:19:HAL_TIM_Encoder_Start	24	static
stm32wbxx_hal_tim.c:3239:19:HAL_TIM_Encoder_Stop	16	static
stm32wbxx_hal_tim.c:3299:19:HAL_TIM_Encoder_Start_IT	24	static
stm32wbxx_hal_tim.c:3399:19:HAL_TIM_Encoder_Stop_IT	16	static
stm32wbxx_hal_tim.c:3464:19:HAL_TIM_Encoder_Start_DMA	32	static
stm32wbxx_hal_tim.c:3672:19:HAL_TIM_Encoder_Stop_DMA	16	static
stm32wbxx_hal_tim.c:3749:6:HAL_TIM_IRQHandler	16	static
stm32wbxx_hal_tim.c:3979:19:HAL_TIM_OC_ConfigChannel	24	static
stm32wbxx_hal_tim.c:4075:19:HAL_TIM_IC_ConfigChannel	24	static
stm32wbxx_hal_tim.c:4170:19:HAL_TIM_PWM_ConfigChannel	24	static
stm32wbxx_hal_tim.c:4315:19:HAL_TIM_OnePulse_ConfigChannel	56	static
stm32wbxx_hal_tim.c:4460:19:HAL_TIM_DMABurst_WriteStart	32	static
stm32wbxx_hal_tim.c:4512:19:HAL_TIM_DMABurst_MultiWriteStart	24	static
stm32wbxx_hal_tim.c:4689:19:HAL_TIM_DMABurst_WriteStop	16	static
stm32wbxx_hal_tim.c:4790:19:HAL_TIM_DMABurst_ReadStart	32	static
stm32wbxx_hal_tim.c:4842:19:HAL_TIM_DMABurst_MultiReadStart	24	static
stm32wbxx_hal_tim.c:5020:19:HAL_TIM_DMABurst_ReadStop	16	static
stm32wbxx_hal_tim.c:5098:19:HAL_TIM_GenerateEvent	16	static
stm32wbxx_hal_tim.c:5137:19:HAL_TIM_ConfigOCrefClear	24	static
stm32wbxx_hal_tim.c:5308:19:HAL_TIM_ConfigClockSource	24	static
stm32wbxx_hal_tim.c:5460:19:HAL_TIM_ConfigTI1Input	24	static
stm32wbxx_hal_tim.c:5492:19:HAL_TIM_SlaveConfigSynchro	16	static
stm32wbxx_hal_tim.c:5532:19:HAL_TIM_SlaveConfigSynchro_IT	16	static
stm32wbxx_hal_tim.c:5575:10:HAL_TIM_ReadCapturedValue	24	static
stm32wbxx_hal_tim.c:5659:13:HAL_TIM_PeriodElapsedCallback	16	static
stm32wbxx_hal_tim.c:5674:13:HAL_TIM_PeriodElapsedHalfCpltCallback	16	static
stm32wbxx_hal_tim.c:5689:13:HAL_TIM_OC_DelayElapsedCallback	16	static
stm32wbxx_hal_tim.c:5704:13:HAL_TIM_IC_CaptureCallback	16	static
stm32wbxx_hal_tim.c:5719:13:HAL_TIM_IC_CaptureHalfCpltCallback	16	static
stm32wbxx_hal_tim.c:5734:13:HAL_TIM_PWM_PulseFinishedCallback	16	static
stm32wbxx_hal_tim.c:5749:13:HAL_TIM_PWM_PulseFinishedHalfCpltCallback	16	static
stm32wbxx_hal_tim.c:5764:13:HAL_TIM_TriggerCallback	16	static
stm32wbxx_hal_tim.c:5779:13:HAL_TIM_TriggerHalfCpltCallback	16	static
stm32wbxx_hal_tim.c:5794:13:HAL_TIM_ErrorCallback	16	static
stm32wbxx_hal_tim.c:6321:22:HAL_TIM_Base_GetState	16	static
stm32wbxx_hal_tim.c:6331:22:HAL_TIM_OC_GetState	16	static
stm32wbxx_hal_tim.c:6341:22:HAL_TIM_PWM_GetState	16	static
stm32wbxx_hal_tim.c:6351:22:HAL_TIM_IC_GetState	16	static
stm32wbxx_hal_tim.c:6361:22:HAL_TIM_OnePulse_GetState	16	static
stm32wbxx_hal_tim.c:6371:22:HAL_TIM_Encoder_GetState	16	static
stm32wbxx_hal_tim.c:6381:23:HAL_TIM_GetActiveChannel	16	static
stm32wbxx_hal_tim.c:6399:29:HAL_TIM_GetChannelState	24	static
stm32wbxx_hal_tim.c:6416:30:HAL_TIM_DMABurstState	16	static
stm32wbxx_hal_tim.c:6441:6:TIM_DMAError	24	static
stm32wbxx_hal_tim.c:6484:13:TIM_DMADelayPulseCplt	24	static
stm32wbxx_hal_tim.c:6543:6:TIM_DMADelayPulseHalfCplt	24	static
stm32wbxx_hal_tim.c:6582:6:TIM_DMACaptureCplt	24	static
stm32wbxx_hal_tim.c:6645:6:TIM_DMACaptureHalfCplt	24	static
stm32wbxx_hal_tim.c:6684:13:TIM_DMAPeriodElapsedCplt	24	static
stm32wbxx_hal_tim.c:6705:13:TIM_DMAPeriodElapsedHalfCplt	24	static
stm32wbxx_hal_tim.c:6721:13:TIM_DMATriggerCplt	24	static
stm32wbxx_hal_tim.c:6742:13:TIM_DMATriggerHalfCplt	24	static
stm32wbxx_hal_tim.c:6759:6:TIM_Base_SetConfig	24	static
stm32wbxx_hal_tim.c:6807:13:TIM_OC1_SetConfig	32	static
stm32wbxx_hal_tim.c:6882:6:TIM_OC2_SetConfig	32	static
stm32wbxx_hal_tim.c:6958:13:TIM_OC3_SetConfig	32	static
stm32wbxx_hal_tim.c:7032:13:TIM_OC4_SetConfig	32	static
stm32wbxx_hal_tim.c:7092:13:TIM_OC5_SetConfig	32	static
stm32wbxx_hal_tim.c:7145:13:TIM_OC6_SetConfig	32	static
stm32wbxx_hal_tim.c:7199:26:TIM_SlaveTimer_SetConfig	32	static
stm32wbxx_hal_tim.c:7330:6:TIM_TI1_SetConfig	32	static
stm32wbxx_hal_tim.c:7377:13:TIM_TI1_ConfigInputStage	32	static
stm32wbxx_hal_tim.c:7420:13:TIM_TI2_SetConfig	32	static
stm32wbxx_hal_tim.c:7460:13:TIM_TI2_ConfigInputStage	32	static
stm32wbxx_hal_tim.c:7503:13:TIM_TI3_SetConfig	32	static
stm32wbxx_hal_tim.c:7551:13:TIM_TI4_SetConfig	32	static
stm32wbxx_hal_tim.c:7594:13:TIM_ITRx_SetConfig	24	static
stm32wbxx_hal_tim.c:7624:6:TIM_ETR_SetConfig	32	static
stm32wbxx_hal_tim.c:7656:6:TIM_CCxChannelCmd	32	static
