stm32wbxx_ll_pwr.h:828:22:LL_PWR_EnableSRAM2Retention	4	static
stm32wbxx_ll_pwr.h:840:22:LL_PWR_DisableSRAM2Retention	4	static
stm32wbxx_ll_pwr.h:1616:22:LL_PWR_EnableBootC2	4	static
stm32wbxx_ll_pwr.h:1627:22:LL_PWR_DisableBootC2	4	static
stm32wbxx_ll_exti.h:392:22:LL_EXTI_EnableIT_32_63	16	static
stm32wbxx_ll_exti.h:530:22:LL_EXTI_DisableIT_32_63	16	static
stm32wbxx_ll_exti.h:781:22:LL_EXTI_EnableEvent_32_63	16	static
stm32wbxx_ll_exti.h:873:22:LL_EXTI_DisableEvent_32_63	16	static
stm32wbxx_ll_exti.h:1052:22:LL_EXTI_EnableRisingTrig_32_63	16	static
stm32wbxx_ll_exti.h:1117:22:LL_EXTI_DisableRisingTrig_32_63	16	static
stm32wbxx_ll_exti.h:1240:22:LL_EXTI_EnableFallingTrig_32_63	16	static
stm32wbxx_ll_exti.h:1303:22:LL_EXTI_DisableFallingTrig_32_63	16	static
stm32wbxx_ll_exti.h:1521:26:LL_EXTI_ReadFlag_0_31	16	static
stm32wbxx_ll_exti.h:1538:26:LL_EXTI_ReadFlag_32_63	16	static
stm32wbxx_ll_exti.h:1575:22:LL_EXTI_ClearFlag_0_31	16	static
stm32wbxx_ll_exti.h:1592:22:LL_EXTI_ClearFlag_32_63	16	static
stm32wbxx_hal_pwr_ex.c:163:6:HAL_PWREx_EnableBatteryCharging	16	static
stm32wbxx_hal_pwr_ex.c:178:6:HAL_PWREx_DisableBatteryCharging	4	static
stm32wbxx_hal_pwr_ex.c:211:6:HAL_PWREx_EnableInternalWakeUpLine	4	static
stm32wbxx_hal_pwr_ex.c:220:6:HAL_PWREx_DisableInternalWakeUpLine	4	static
stm32wbxx_hal_pwr_ex.c:251:6:HAL_PWREx_EnableRFPhaseIT	4	static
stm32wbxx_hal_pwr_ex.c:260:6:HAL_PWREx_DisableRFPhaseIT	4	static
stm32wbxx_hal_pwr_ex.c:270:6:HAL_PWREx_EnableBLEActivityIT	4	static
stm32wbxx_hal_pwr_ex.c:279:6:HAL_PWREx_DisableBLEActivityIT	4	static
stm32wbxx_hal_pwr_ex.c:289:6:HAL_PWREx_Enable802ActivityIT	4	static
stm32wbxx_hal_pwr_ex.c:298:6:HAL_PWREx_Disable802ActivityIT	4	static
stm32wbxx_hal_pwr_ex.c:308:6:HAL_PWREx_EnableHOLDC2IT	4	static
stm32wbxx_hal_pwr_ex.c:317:6:HAL_PWREx_DisableHOLDC2IT	4	static
stm32wbxx_hal_pwr_ex.c:345:19:HAL_PWREx_EnableGPIOPullUp	24	static
stm32wbxx_hal_pwr_ex.c:403:19:HAL_PWREx_DisableGPIOPullUp	24	static
stm32wbxx_hal_pwr_ex.c:463:19:HAL_PWREx_EnableGPIOPullDown	24	static
stm32wbxx_hal_pwr_ex.c:521:19:HAL_PWREx_DisableGPIOPullDown	24	static
stm32wbxx_hal_pwr_ex.c:568:6:HAL_PWREx_EnablePullUpPullDownConfig	4	static
stm32wbxx_hal_pwr_ex.c:579:6:HAL_PWREx_DisablePullUpPullDownConfig	4	static
stm32wbxx_hal_pwr_ex.c:619:6:HAL_PWREx_HoldCore	16	static
stm32wbxx_hal_pwr_ex.c:634:6:HAL_PWREx_ReleaseCore	16	static
stm32wbxx_hal_pwr_ex.c:651:6:HAL_PWREx_EnableSRAMRetention	8	static
stm32wbxx_hal_pwr_ex.c:664:6:HAL_PWREx_DisableSRAMRetention	8	static
stm32wbxx_hal_pwr_ex.c:679:6:HAL_PWREx_EnableFlashPowerDown	16	static
stm32wbxx_hal_pwr_ex.c:702:6:HAL_PWREx_DisableFlashPowerDown	16	static
stm32wbxx_hal_pwr_ex.c:735:6:HAL_PWREx_EnablePVM3	4	static
stm32wbxx_hal_pwr_ex.c:744:6:HAL_PWREx_DisablePVM3	4	static
stm32wbxx_hal_pwr_ex.c:764:19:HAL_PWREx_ConfigPVM	24	static
stm32wbxx_hal_pwr_ex.c:974:6:HAL_PWREx_EnableWakeUpPin	16	static
stm32wbxx_hal_pwr_ex.c:1004:11:HAL_PWREx_GetWakeupFlag	16	static
stm32wbxx_hal_pwr_ex.c:1020:19:HAL_PWREx_ClearWakeupFlag	16	static
stm32wbxx_hal_pwr_ex.c:1043:6:HAL_PWREx_EnableLowPowerRunMode	4	static
stm32wbxx_hal_pwr_ex.c:1058:19:HAL_PWREx_DisableLowPowerRunMode	16	static
stm32wbxx_hal_pwr_ex.c:1107:6:HAL_PWREx_EnterSTOP0Mode	16	static,ignoring_inline_asm
stm32wbxx_hal_pwr_ex.c:1160:6:HAL_PWREx_EnterSTOP1Mode	16	static,ignoring_inline_asm
stm32wbxx_hal_pwr_ex.c:1223:6:HAL_PWREx_EnterSTOP2Mode	16	static,ignoring_inline_asm
stm32wbxx_hal_pwr_ex.c:1264:6:HAL_PWREx_EnterSHUTDOWNMode	4	static,ignoring_inline_asm
stm32wbxx_hal_pwr_ex.c:1293:6:HAL_PWREx_PVD_PVM_IRQHandler	8	static
stm32wbxx_hal_pwr_ex.c:1344:13:HAL_PWREx_PVM3Callback	4	static
