stm32wbxx_hal_rtc.c:231:19:HAL_RTC_Init	16	static
stm32wbxx_hal_rtc.c:361:19:HAL_RTC_DeInit	24	static
stm32wbxx_hal_rtc.c:697:13:HAL_RTC_MspInit	16	static
stm32wbxx_hal_rtc.c:712:13:HAL_RTC_MspDeInit	16	static
stm32wbxx_hal_rtc.c:750:19:HAL_RTC_SetTime	40	static
stm32wbxx_hal_rtc.c:884:19:HAL_RTC_GetTime	32	static
stm32wbxx_hal_rtc.c:928:19:HAL_RTC_SetDate	40	static
stm32wbxx_hal_rtc.c:1037:19:HAL_RTC_GetDate	32	static
stm32wbxx_hal_rtc.c:1091:19:HAL_RTC_SetAlarm	48	static
stm32wbxx_hal_rtc.c:1272:19:HAL_RTC_SetAlarm_IT	48	static
stm32wbxx_hal_rtc.c:1454:19:HAL_RTC_DeactivateAlarm	24	static
stm32wbxx_hal_rtc.c:1548:19:HAL_RTC_GetAlarm	32	static
stm32wbxx_hal_rtc.c:1608:6:HAL_RTC_AlarmIRQHandler	16	static
stm32wbxx_hal_rtc.c:1657:13:HAL_RTC_AlarmAEventCallback	16	static
stm32wbxx_hal_rtc.c:1673:19:HAL_RTC_PollForAlarmAEvent	24	static
stm32wbxx_hal_rtc.c:1732:19:HAL_RTC_WaitForSynchro	24	static
stm32wbxx_hal_rtc.c:1776:21:HAL_RTC_GetState	16	static
stm32wbxx_hal_rtc.c:1799:19:RTC_EnterInitMode	24	static
stm32wbxx_hal_rtc.c:1829:9:RTC_ByteToBcd2	24	static
stm32wbxx_hal_rtc.c:1848:9:RTC_Bcd2ToByte	24	static
