stm32wbxx_ll_rcc.h:1286:26:LL_RCC_HSE_IsEnabledDiv2	4	static
stm32wbxx_ll_rcc.h:1296:22:LL_RCC_HSE_EnableCSS	4	static
stm32wbxx_ll_rcc.h:1306:22:LL_RCC_HSE_Enable	4	static
stm32wbxx_ll_rcc.h:1316:22:LL_RCC_HSE_Disable	4	static
stm32wbxx_ll_rcc.h:1326:26:LL_RCC_HSE_IsReady	4	static
stm32wbxx_ll_rcc.h:1468:22:LL_RCC_HSI_Enable	4	static
stm32wbxx_ll_rcc.h:1478:22:LL_RCC_HSI_Disable	4	static
stm32wbxx_ll_rcc.h:1488:26:LL_RCC_HSI_IsReady	4	static
stm32wbxx_ll_rcc.h:1533:22:LL_RCC_HSI_SetCalibTrimming	16	static
stm32wbxx_ll_rcc.h:1543:26:LL_RCC_HSI_GetCalibTrimming	4	static
stm32wbxx_ll_rcc.h:1562:22:LL_RCC_HSI48_Enable	4	static
stm32wbxx_ll_rcc.h:1572:22:LL_RCC_HSI48_Disable	4	static
stm32wbxx_ll_rcc.h:1582:26:LL_RCC_HSI48_IsReady	4	static
stm32wbxx_ll_rcc.h:1611:22:LL_RCC_LSE_Enable	4	static
stm32wbxx_ll_rcc.h:1621:22:LL_RCC_LSE_Disable	4	static
stm32wbxx_ll_rcc.h:1641:22:LL_RCC_LSE_EnableBypass	4	static
stm32wbxx_ll_rcc.h:1651:22:LL_RCC_LSE_DisableBypass	4	static
stm32wbxx_ll_rcc.h:1713:26:LL_RCC_LSE_IsReady	4	static
stm32wbxx_ll_rcc.h:1741:22:LL_RCC_LSI1_Enable	4	static
stm32wbxx_ll_rcc.h:1751:22:LL_RCC_LSI1_Disable	4	static
stm32wbxx_ll_rcc.h:1761:26:LL_RCC_LSI1_IsReady	4	static
stm32wbxx_ll_rcc.h:1779:22:LL_RCC_LSI2_Enable	4	static
stm32wbxx_ll_rcc.h:1789:22:LL_RCC_LSI2_Disable	4	static
stm32wbxx_ll_rcc.h:1799:26:LL_RCC_LSI2_IsReady	4	static
stm32wbxx_ll_rcc.h:1810:22:LL_RCC_LSI2_SetTrimming	16	static
stm32wbxx_ll_rcc.h:1838:22:LL_RCC_MSI_Enable	4	static
stm32wbxx_ll_rcc.h:1848:22:LL_RCC_MSI_Disable	4	static
stm32wbxx_ll_rcc.h:1858:26:LL_RCC_MSI_IsReady	4	static
stm32wbxx_ll_rcc.h:1884:22:LL_RCC_MSI_DisablePLLMode	4	static
stm32wbxx_ll_rcc.h:1908:22:LL_RCC_MSI_SetRange	16	static
stm32wbxx_ll_rcc.h:1930:26:LL_RCC_MSI_GetRange	16	static
stm32wbxx_ll_rcc.h:1960:22:LL_RCC_MSI_SetCalibTrimming	16	static
stm32wbxx_ll_rcc.h:1970:26:LL_RCC_MSI_GetCalibTrimming	4	static
stm32wbxx_ll_rcc.h:2046:22:LL_RCC_SetSysClkSource	16	static
stm32wbxx_ll_rcc.h:2060:26:LL_RCC_GetSysClkSource	4	static
stm32wbxx_ll_rcc.h:2134:22:LL_RCC_SetAHBPrescaler	16	static
stm32wbxx_ll_rcc.h:2159:22:LL_C2_RCC_SetAHBPrescaler	16	static
stm32wbxx_ll_rcc.h:2184:22:LL_RCC_SetAHB4Prescaler	16	static
stm32wbxx_ll_rcc.h:2200:22:LL_RCC_SetAPB1Prescaler	16	static
stm32wbxx_ll_rcc.h:2216:22:LL_RCC_SetAPB2Prescaler	16	static
stm32wbxx_ll_rcc.h:2240:26:LL_RCC_GetAHBPrescaler	4	static
stm32wbxx_ll_rcc.h:2264:26:LL_C2_RCC_GetAHBPrescaler	4	static
stm32wbxx_ll_rcc.h:2288:26:LL_RCC_GetAHB4Prescaler	4	static
stm32wbxx_ll_rcc.h:2303:26:LL_RCC_GetAPB1Prescaler	4	static
stm32wbxx_ll_rcc.h:2318:26:LL_RCC_GetAPB2Prescaler	4	static
stm32wbxx_ll_rcc.h:2466:22:LL_RCC_ConfigMCO	16	static
stm32wbxx_ll_rcc.h:2924:22:LL_RCC_PLL_Enable	4	static
stm32wbxx_ll_rcc.h:2935:22:LL_RCC_PLL_Disable	4	static
stm32wbxx_ll_rcc.h:2945:26:LL_RCC_PLL_IsReady	4	static
stm32wbxx_ll_rcc.h:3163:26:LL_RCC_PLL_GetN	4	static
stm32wbxx_ll_rcc.h:3205:26:LL_RCC_PLL_GetP	4	static
stm32wbxx_ll_rcc.h:3223:26:LL_RCC_PLL_GetQ	4	static
stm32wbxx_ll_rcc.h:3241:26:LL_RCC_PLL_GetR	4	static
stm32wbxx_ll_rcc.h:3259:26:LL_RCC_PLL_GetDivider	4	static
stm32wbxx_ll_rcc.h:3792:26:LL_RCC_PLL_GetMainSource	4	static
stm32wbxx_ll_rcc.h:3970:26:LL_RCC_IsActiveFlag_HPRE	4	static
stm32wbxx_ll_rcc.h:3980:26:LL_RCC_IsActiveFlag_C2HPRE	4	static
stm32wbxx_ll_rcc.h:3990:26:LL_RCC_IsActiveFlag_SHDHPRE	4	static
stm32wbxx_ll_rcc.h:4001:26:LL_RCC_IsActiveFlag_PPRE1	4	static
stm32wbxx_ll_rcc.h:4011:26:LL_RCC_IsActiveFlag_PPRE2	4	static
stm32wbxx_ll_bus.h:540:22:LL_AHB2_GRP1_EnableClock	24	static
stm32wbxx_hal_rcc.c:270:19:HAL_RCC_DeInit	16	static
stm32wbxx_hal_rcc.c:386:19:HAL_RCC_OscConfig	64	static
stm32wbxx_hal_rcc.c:1058:19:HAL_RCC_ClockConfig	24	static
stm32wbxx_hal_rcc.c:1319:6:HAL_RCC_MCOConfig	48	static
stm32wbxx_hal_rcc.c:1405:10:HAL_RCC_GetSysClockFreq	32	static
stm32wbxx_hal_rcc.c:1468:10:HAL_RCC_GetHCLKFreq	16	static
stm32wbxx_hal_rcc.c:1478:10:HAL_RCC_GetHCLK2Freq	16	static
stm32wbxx_hal_rcc.c:1488:10:HAL_RCC_GetHCLK4Freq	16	static
stm32wbxx_hal_rcc.c:1500:10:HAL_RCC_GetPCLK1Freq	16	static
stm32wbxx_hal_rcc.c:1512:10:HAL_RCC_GetPCLK2Freq	16	static
stm32wbxx_hal_rcc.c:1525:6:HAL_RCC_GetOscConfig	24	static
stm32wbxx_hal_rcc.c:1635:6:HAL_RCC_GetClockConfig	16	static
stm32wbxx_hal_rcc.c:1677:6:HAL_RCC_EnableCSS	8	static
stm32wbxx_hal_rcc.c:1687:6:HAL_RCC_NMI_IRQHandler	8	static
stm32wbxx_hal_rcc.c:1704:13:HAL_RCC_CSSCallback	4	static
stm32wbxx_hal_rcc.c:1731:26:RCC_SetFlashLatencyFromMSIRange	24	static
stm32wbxx_hal_rcc.c:1764:26:RCC_SetFlashLatency	72	static
