stm32wbxx_ll_exti.h:323:22:LL_EXTI_EnableIT_0_31	16	static
stm32wbxx_ll_exti.h:1030:22:LL_EXTI_EnableRisingTrig_0_31	16	static
stm32wbxx_ll_rcc.h:1286:26:LL_RCC_HSE_IsEnabledDiv2	4	static
stm32wbxx_ll_rcc.h:1488:26:LL_RCC_HSI_IsReady	4	static
stm32wbxx_ll_rcc.h:1582:26:LL_RCC_HSI48_IsReady	4	static
stm32wbxx_ll_rcc.h:1631:26:LL_RCC_LSE_IsEnabled	4	static
stm32wbxx_ll_rcc.h:1691:22:LL_RCC_LSE_EnableCSS	4	static
stm32wbxx_ll_rcc.h:1703:22:LL_RCC_LSE_DisableCSS	4	static
stm32wbxx_ll_rcc.h:1713:26:LL_RCC_LSE_IsReady	4	static
stm32wbxx_ll_rcc.h:1761:26:LL_RCC_LSI1_IsReady	4	static
stm32wbxx_ll_rcc.h:1799:26:LL_RCC_LSI2_IsReady	4	static
stm32wbxx_ll_rcc.h:1810:22:LL_RCC_LSI2_SetTrimming	16	static
stm32wbxx_ll_rcc.h:1858:26:LL_RCC_MSI_IsReady	4	static
stm32wbxx_ll_rcc.h:1872:22:LL_RCC_MSI_EnablePLLMode	4	static
stm32wbxx_ll_rcc.h:1884:22:LL_RCC_MSI_DisablePLLMode	4	static
stm32wbxx_ll_rcc.h:1930:26:LL_RCC_MSI_GetRange	16	static
stm32wbxx_ll_rcc.h:1998:22:LL_RCC_LSCO_Disable	4	static
stm32wbxx_ll_rcc.h:2086:22:LL_RCC_SetRFWKPClockSource	16	static
stm32wbxx_ll_rcc.h:2099:26:LL_RCC_GetRFWKPClockSource	4	static
stm32wbxx_ll_rcc.h:2240:26:LL_RCC_GetAHBPrescaler	4	static
stm32wbxx_ll_rcc.h:2303:26:LL_RCC_GetAPB1Prescaler	4	static
stm32wbxx_ll_rcc.h:2318:26:LL_RCC_GetAPB2Prescaler	4	static
stm32wbxx_ll_rcc.h:2331:22:LL_RCC_SetClkAfterWakeFromStop	16	static
stm32wbxx_ll_rcc.h:2489:22:LL_RCC_SetUSARTClockSource	16	static
stm32wbxx_ll_rcc.h:2524:22:LL_RCC_SetI2CClockSource	16	static
stm32wbxx_ll_rcc.h:2543:22:LL_RCC_SetLPTIMClockSource	16	static
stm32wbxx_ll_rcc.h:2575:22:LL_RCC_SetRNGClockSource	16	static
stm32wbxx_ll_rcc.h:2591:22:LL_RCC_SetCLK48ClockSource	16	static
stm32wbxx_ll_rcc.h:2653:22:LL_RCC_SetADCClockSource	16	static
stm32wbxx_ll_rcc.h:2670:26:LL_RCC_GetUSARTClockSource	16	static
stm32wbxx_ll_rcc.h:2708:26:LL_RCC_GetI2CClockSource	16	static
stm32wbxx_ll_rcc.h:2729:26:LL_RCC_GetLPTIMClockSource	16	static
stm32wbxx_ll_rcc.h:2762:26:LL_RCC_GetRNGClockSource	16	static
stm32wbxx_ll_rcc.h:2779:26:LL_RCC_GetCLK48ClockSource	16	static
stm32wbxx_ll_rcc.h:2815:26:LL_RCC_GetADCClockSource	16	static
stm32wbxx_ll_rcc.h:2841:22:LL_RCC_SetRTCClockSource	16	static
stm32wbxx_ll_rcc.h:2855:26:LL_RCC_GetRTCClockSource	4	static
stm32wbxx_ll_rcc.h:2895:22:LL_RCC_ForceBackupDomainReset	4	static
stm32wbxx_ll_rcc.h:2905:22:LL_RCC_ReleaseBackupDomainReset	4	static
stm32wbxx_ll_rcc.h:2945:26:LL_RCC_PLL_IsReady	4	static
stm32wbxx_ll_rcc.h:3163:26:LL_RCC_PLL_GetN	4	static
stm32wbxx_ll_rcc.h:3205:26:LL_RCC_PLL_GetP	4	static
stm32wbxx_ll_rcc.h:3223:26:LL_RCC_PLL_GetQ	4	static
stm32wbxx_ll_rcc.h:3259:26:LL_RCC_PLL_GetDivider	4	static
stm32wbxx_ll_rcc.h:3792:26:LL_RCC_PLL_GetMainSource	4	static
stm32wbxx_ll_bus.h:540:22:LL_AHB2_GRP1_EnableClock	24	static
stm32wbxx_hal_rcc_ex.c:149:19:HAL_RCCEx_PeriphCLKConfig	40	static
stm32wbxx_hal_rcc_ex.c:444:6:HAL_RCCEx_GetPeriphCLKConfig	16	static
stm32wbxx_hal_rcc_ex.c:555:10:HAL_RCCEx_GetPeriphCLKFreq	80	static
stm32wbxx_hal_rcc_ex.c:1119:10:HAL_RCCEx_GetRngCLKSource	16	static
stm32wbxx_hal_rcc_ex.c:1260:6:HAL_RCCEx_WakeUpStopCLKConfig	16	static
stm32wbxx_hal_rcc_ex.c:1274:6:HAL_RCCEx_EnableLSECSS	8	static
stm32wbxx_hal_rcc_ex.c:1284:6:HAL_RCCEx_DisableLSECSS	8	static
stm32wbxx_hal_rcc_ex.c:1297:6:HAL_RCCEx_EnableLSECSS_IT	8	static
stm32wbxx_hal_rcc_ex.c:1316:6:HAL_RCCEx_LSECSS_IRQHandler	8	static
stm32wbxx_hal_rcc_ex.c:1333:13:HAL_RCCEx_LSECSS_Callback	4	static
stm32wbxx_hal_rcc_ex.c:1354:6:HAL_RCCEx_LSCOConfig	40	static
stm32wbxx_hal_rcc_ex.c:1435:6:HAL_RCCEx_EnableLSCO	40	static
stm32wbxx_hal_rcc_ex.c:1477:6:HAL_RCCEx_DisableLSCO	16	static
stm32wbxx_hal_rcc_ex.c:1508:6:HAL_RCCEx_EnableMSIPLLMode	8	static
stm32wbxx_hal_rcc_ex.c:1518:6:HAL_RCCEx_DisableMSIPLLMode	8	static
stm32wbxx_hal_rcc_ex.c:1534:19:HAL_RCCEx_TrimOsc	24	static
stm32wbxx_hal_rcc_ex.c:2142:17:RCC_PLL_GetFreqDomain_P	24	static
stm32wbxx_hal_rcc_ex.c:2185:17:RCC_PLL_GetFreqDomain_Q	24	static
